// Jest Snapshot v1, https://goo.gl/fbAQLP

exports[`DropDown component should render DropDown component 1`] = `ReactWrapper {}`;
